// Jest Snapshot v1, https://goo.gl/fbAQLP

exports[`기존 사진과 바뀐것이 없는지 비교 - 스냅샷 테스트 1`] = `
<div>
  <div>
    철수는 13살
  </div>
  철수의 취미 입력하기: 
  <input
    type="text"
  />
  <button>
    놀러가기
  </button>
</div>
`;
